[    0.000000] Initializing cgroup subsys cpuset
[    0.000000] Initializing cgroup subsys cpu
[    0.000000] Initializing cgroup subsys cpuacct
[    0.000000] Linux version 4.4.0-62-generic (buildd@lcy01-30) (gcc version 5.4.0 20160609 (Ubuntu 5.4.0-6ubuntu1~16.04.4) ) #83-Ubuntu SMP Wed Jan 18 14:10:15 UTC 2017 (Ubuntu 4.4.0-62.83-generic 4.4.40)
[    0.000000] Command line: BOOT_IMAGE=/boot/vmlinuz-4.4.0-62-generic root=LABEL=cloudimg-rootfs ro console=tty1 console=ttyS0
[    0.000000] KERNEL supported cpus:
[    0.000000]   Intel GenuineIntel
[    0.000000]   AMD AuthenticAMD
[    0.000000]   Centaur CentaurHauls
[    0.000000] x86/fpu: xstate_offset[2]:  576, xstate_sizes[2]:  256
[    0.000000] x86/fpu: Supporting XSAVE feature 0x01: 'x87 floating point registers'
[    0.000000] x86/fpu: Supporting XSAVE feature 0x02: 'SSE registers'
[    0.000000] x86/fpu: Supporting XSAVE feature 0x04: 'AVX registers'
[    0.000000] x86/fpu: Enabled xstate features 0x7, context size is 832 bytes, using 'standard' format.
[    0.000000] x86/fpu: Using 'lazy' FPU context switches.
[    0.000000] e820: BIOS-provided physical RAM map:
[    0.000000] BIOS-e820: [mem 0x0000000000000000-0x000000000009fbff] usable
[    0.000000] BIOS-e820: [mem 0x000000000009fc00-0x000000000009ffff] reserved
[    0.000000] BIOS-e820: [mem 0x00000000000f0000-0x00000000000fffff] reserved
[    0.000000] BIOS-e820: [mem 0x0000000000100000-0x00000000dffeffff] usable
[    0.000000] BIOS-e820: [mem 0x00000000dfff0000-0x00000000dfffffff] ACPI data
[    0.000000] BIOS-e820: [mem 0x00000000fec00000-0x00000000fec00fff] reserved
[    0.000000] BIOS-e820: [mem 0x00000000fee00000-0x00000000fee00fff] reserved
[    0.000000] BIOS-e820: [mem 0x00000000fffc0000-0x00000000ffffffff] reserved
[    0.000000] BIOS-e820: [mem 0x0000000100000000-0x000000011fffffff] usable
[    0.000000] NX (Execute Disable) protection: active
[    0.000000] SMBIOS 2.5 present.
[    0.000000] Hypervisor detected: KVM
[    0.000000] e820: last_pfn = 0x120000 max_arch_pfn = 0x400000000
[    0.000000] MTRR: Disabled
[    0.000000] x86/PAT: MTRRs disabled, skipping PAT initialization too.
[    0.000000] x86/PAT: Configuration [0-7]: WB  WT  UC- UC  WB  WT  UC- UC  
[    0.000000] CPU MTRRs all blank - virtualized system.
[    0.000000] e820: last_pfn = 0xdfff0 max_arch_pfn = 0x400000000
[    0.000000] found SMP MP-table at [mem 0x0009fff0-0x0009ffff] mapped at [ffff88000009fff0]
[    0.000000] Scanning 1 areas for low memory corruption
[    0.000000] RAMDISK: [mem 0x36b5e000-0x375a6fff]
[    0.000000] ACPI: Early table checksum verification disabled
[    0.000000] ACPI: RSDP 0x00000000000E0000 000024 (v02 VBOX  )
[    0.000000] ACPI: XSDT 0x00000000DFFF0030 00003C (v01 VBOX   VBOXXSDT 00000001 ASL  00000061)
[    0.000000] ACPI: FACP 0x00000000DFFF00F0 0000F4 (v04 VBOX   VBOXFACP 00000001 ASL  00000061)
[    0.000000] ACPI: DSDT 0x00000000DFFF0480 00210F (v01 VBOX   VBOXBIOS 00000002 INTL 20100528)
[    0.000000] ACPI: FACS 0x00000000DFFF0200 000040
[    0.000000] ACPI: FACS 0x00000000DFFF0200 000040
[    0.000000] ACPI: APIC 0x00000000DFFF0240 00006C (v02 VBOX   VBOXAPIC 00000001 ASL  00000061)
[    0.000000] ACPI: SSDT 0x00000000DFFF02B0 0001CC (v01 VBOX   VBOXCPUT 00000002 INTL 20100528)
[    0.000000] No NUMA configuration found
[    0.000000] Faking a node at [mem 0x0000000000000000-0x000000011fffffff]
[    0.000000] NODE_DATA(0) allocated [mem 0x11fff7000-0x11fffbfff]
[    0.000000] kvm-clock: Using msrs 4b564d01 and 4b564d00
[    0.000000] kvm-clock: cpu 0, msr 1:1ffef001, primary cpu clock
[    0.000000] kvm-clock: using sched offset of 3016537756 cycles
[    0.000000] clocksource: kvm-clock: mask: 0xffffffffffffffff max_cycles: 0x1cd42e4dffb, max_idle_ns: 881590591483 ns
[    0.000000] Zone ranges:
[    0.000000]   DMA      [mem 0x0000000000001000-0x0000000000ffffff]
[    0.000000]   DMA32    [mem 0x0000000001000000-0x00000000ffffffff]
[    0.000000]   Normal   [mem 0x0000000100000000-0x000000011fffffff]
[    0.000000]   Device   empty
[    0.000000] Movable zone start for each node
[    0.000000] Early memory node ranges
[    0.000000]   node   0: [mem 0x0000000000001000-0x000000000009efff]
[    0.000000]   node   0: [mem 0x0000000000100000-0x00000000dffeffff]
[    0.000000]   node   0: [mem 0x0000000100000000-0x000000011fffffff]
[    0.000000] Initmem setup node 0 [mem 0x0000000000001000-0x000000011fffffff]
[    0.000000] ACPI: PM-Timer IO Port: 0x4008
[    0.000000] IOAPIC[0]: apic_id 4, version 32, address 0xfec00000, GSI 0-23
[    0.000000] ACPI: INT_SRC_OVR (bus 0 bus_irq 0 global_irq 2 dfl dfl)
[    0.000000] ACPI: INT_SRC_OVR (bus 0 bus_irq 9 global_irq 9 high level)
[    0.000000] Using ACPI (MADT) for SMP configuration information
[    0.000000] smpboot: Allowing 4 CPUs, 0 hotplug CPUs
[    0.000000] PM: Registered nosave memory: [mem 0x00000000-0x00000fff]
[    0.000000] PM: Registered nosave memory: [mem 0x0009f000-0x0009ffff]
[    0.000000] PM: Registered nosave memory: [mem 0x000a0000-0x000effff]
[    0.000000] PM: Registered nosave memory: [mem 0x000f0000-0x000fffff]
[    0.000000] PM: Registered nosave memory: [mem 0xdfff0000-0xdfffffff]
[    0.000000] PM: Registered nosave memory: [mem 0xe0000000-0xfebfffff]
[    0.000000] PM: Registered nosave memory: [mem 0xfec00000-0xfec00fff]
[    0.000000] PM: Registered nosave memory: [mem 0xfec01000-0xfedfffff]
[    0.000000] PM: Registered nosave memory: [mem 0xfee00000-0xfee00fff]
[    0.000000] PM: Registered nosave memory: [mem 0xfee01000-0xfffbffff]
[    0.000000] PM: Registered nosave memory: [mem 0xfffc0000-0xffffffff]
[    0.000000] e820: [mem 0xe0000000-0xfebfffff] available for PCI devices
[    0.000000] Booting paravirtualized kernel on KVM
[    0.000000] clocksource: refined-jiffies: mask: 0xffffffff max_cycles: 0xffffffff, max_idle_ns: 7645519600211568 ns
[    0.000000] setup_percpu: NR_CPUS:512 nr_cpumask_bits:512 nr_cpu_ids:4 nr_node_ids:1
[    0.000000] PERCPU: Embedded 33 pages/cpu @ffff88011fc00000 s98264 r8192 d28712 u524288
[    0.000000] PV qspinlock hash table entries: 256 (order: 0, 4096 bytes)
[    0.000000] Built 1 zonelists in Node order, mobility grouping on.  Total pages: 1032057
[    0.000000] Policy zone: Normal
[    0.000000] Kernel command line: BOOT_IMAGE=/boot/vmlinuz-4.4.0-62-generic root=LABEL=cloudimg-rootfs ro console=tty1 console=ttyS0
[    0.000000] PID hash table entries: 4096 (order: 3, 32768 bytes)
[    0.000000] Memory: 4032296K/4193848K available (8436K kernel code, 1291K rwdata, 3960K rodata, 1488K init, 1316K bss, 161552K reserved, 0K cma-reserved)
[    0.000000] SLUB: HWalign=64, Order=0-3, MinObjects=0, CPUs=4, Nodes=1
[    0.000000] Hierarchical RCU implementation.
[    0.000000] 	Build-time adjustment of leaf fanout to 64.
[    0.000000] 	RCU restricting CPUs from NR_CPUS=512 to nr_cpu_ids=4.
[    0.000000] RCU: Adjusting geometry for rcu_fanout_leaf=64, nr_cpu_ids=4
[    0.000000] NR_IRQS:33024 nr_irqs:456 16
[    0.000000] Console: colour VGA+ 80x25
[    0.000000] console [tty1] enabled
[    0.000000] console [ttyS0] enabled
[    0.000000] tsc: Detected 2194.918 MHz processor
[    9.635688] Calibrating delay loop (skipped) preset value.. 4389.83 BogoMIPS (lpj=8779672)
[    9.654546] pid_max: default: 32768 minimum: 301
[    9.658110] ACPI: Core revision 20150930
[    9.668047] ACPI: 2 ACPI AML tables successfully acquired and loaded
[    9.703012] Security Framework initialized
[    9.721827] Yama: becoming mindful.
[    9.742469] AppArmor: AppArmor initialized
[    9.745297] Dentry cache hash table entries: 524288 (order: 10, 4194304 bytes)
[    9.830209] Inode-cache hash table entries: 262144 (order: 9, 2097152 bytes)
[    9.933776] Mount-cache hash table entries: 8192 (order: 4, 65536 bytes)
[    9.993092] Mountpoint-cache hash table entries: 8192 (order: 4, 65536 bytes)
[   10.023939] Initializing cgroup subsys io
[   10.078236] Initializing cgroup subsys memory
[   10.136985] Initializing cgroup subsys devices
[   10.186210] Initializing cgroup subsys freezer
[   10.240707] Initializing cgroup subsys net_cls
[   10.247106] Initializing cgroup subsys perf_event
[   10.249062] Initializing cgroup subsys net_prio
[   10.322363] Initializing cgroup subsys hugetlb
[   10.382447] Initializing cgroup subsys pids
[   10.428622] CPU: Physical Processor ID: 0
[   10.445537] CPU: Processor Core ID: 0
[   10.475464] mce: CPU supports 0 MCE banks
[   10.546677] Last level iTLB entries: 4KB 1024, 2MB 1024, 4MB 1024
[   10.616672] Last level dTLB entries: 4KB 1024, 2MB 1024, 4MB 1024, 1GB 4
[   10.657230] Freeing SMP alternatives memory: 32K (ffffffff820b8000 - ffffffff820c0000)
[   10.710451] ftrace: allocating 32065 entries in 126 pages
[   10.845637] smpboot: APIC(0) Converting physical 0 to logical package 0
[   10.973104] smpboot: Max logical packages: 1
[   11.036977] x2apic enabled
[   11.090725] Switched APIC routing to physical x2apic.
[   11.167336] ..TIMER: vector=0x30 apic1=0 pin1=2 apic2=-1 pin2=-1
[   11.392781] smpboot: CPU0: Intel(R) Core(TM) i7-4770HQ CPU @ 2.20GHz (family: 0x6, model: 0x46, stepping: 0x1)
[   11.543779] Performance Events: unsupported p6 CPU model 70 no PMU driver, software events only.
[   11.673655] KVM setup paravirtual spinlock
[   11.746179] x86: Booting SMP configuration:
[   11.813154] .... node  #0, CPUs:      #1
[   11.892467] kvm-clock: cpu 1, msr 1:1ffef041, secondary cpu clock
[   12.009781] mce: CPU supports 0 MCE banks
[   12.081818]  #2
[   12.100733] kvm-clock: cpu 2, msr 1:1ffef081, secondary cpu clock
[   12.175265] mce: CPU supports 0 MCE banks
[   12.232976]  #3
[   12.251633] kvm-clock: cpu 3, msr 1:1ffef0c1, secondary cpu clock
[   12.343519] mce: CPU supports 0 MCE banks
[   12.374349] x86: Booted up 1 node, 4 CPUs
[   12.395972] smpboot: Total of 4 processors activated (17559.34 BogoMIPS)
[   12.403366] devtmpfs: initialized
[   12.440932] evm: security.selinux
[   12.447393] evm: security.SMACK64
[   12.483758] evm: security.SMACK64EXEC
[   12.519578] evm: security.SMACK64TRANSMUTE
[   12.540508] evm: security.SMACK64MMAP
[   12.567034] evm: security.ima
[   12.590582] evm: security.capability
[   12.606931] clocksource: jiffies: mask: 0xffffffff max_cycles: 0xffffffff, max_idle_ns: 7645041785100000 ns
[   12.661960] pinctrl core: initialized pinctrl subsystem
[   12.704025] RTC time: 20:04:48, date: 03/06/17
[   12.728122] NET: Registered protocol family 16
[   12.764535] cpuidle: using governor ladder
[   12.780778] cpuidle: using governor menu
[   12.804191] PCCT header not found.
[   12.815267] ACPI: bus type PCI registered
[   12.827186] acpiphp: ACPI Hot Plug PCI Controller Driver version: 0.5
[   12.854040] PCI: Using configuration type 1 for base access
[   12.889899] ACPI: Added _OSI(Module Device)
[   12.906483] ACPI: Added _OSI(Processor Device)
[   12.915325] ACPI: Added _OSI(3.0 _SCP Extensions)
[   12.946114] ACPI: Added _OSI(Processor Aggregator Device)
[   12.965681] ACPI: Executed 1 blocks of module-level executable AML code
[   13.003675] ACPI: Interpreter enabled
[   13.057541] ACPI: (supports S0 S5)
[   13.109455] ACPI: Using IOAPIC for interrupt routing
[   13.143715] PCI: Using host bridge windows from ACPI; if necessary, use "pci=nocrs" and report a bug
[   13.190718] ACPI: PCI Root Bridge [PCI0] (domain 0000 [bus 00-ff])
[   13.240484] acpi PNP0A03:00: _OSC: OS supports [ASPM ClockPM Segments MSI]
[   13.286339] acpi PNP0A03:00: _OSC failed (AE_NOT_FOUND); disabling ASPM
[   13.345185] acpi PNP0A03:00: fail to add MMCONFIG information, can't access extended PCI configuration space under this bridge.
[   13.453913] PCI host bridge to bus 0000:00
[   13.518319] pci_bus 0000:00: root bus resource [io  0x0000-0x0cf7 window]
[   13.586362] pci_bus 0000:00: root bus resource [io  0x0d00-0xffff window]
[   13.676867] pci_bus 0000:00: root bus resource [mem 0x000a0000-0x000bffff window]
[   13.746613] pci_bus 0000:00: root bus resource [mem 0xe0000000-0xffdfffff window]
[   13.794834] pci_bus 0000:00: root bus resource [bus 00-ff]
[   13.886799] pci 0000:00:01.1: legacy IDE quirk: reg 0x10: [io  0x01f0-0x01f7]
[   13.937354] pci 0000:00:01.1: legacy IDE quirk: reg 0x14: [io  0x03f6]
[   13.965661] pci 0000:00:01.1: legacy IDE quirk: reg 0x18: [io  0x0170-0x0177]
[   13.974680] pci 0000:00:01.1: legacy IDE quirk: reg 0x1c: [io  0x0376]
[   14.057789] pci 0000:00:07.0: quirk: [io  0x4000-0x403f] claimed by PIIX4 ACPI
[   14.097627] pci 0000:00:07.0: quirk: [io  0x4100-0x410f] claimed by PIIX4 SMB
[   14.145118] ACPI: PCI Interrupt Link [LNKA] (IRQs 5 9 10 *11)
[   14.158451] ACPI: PCI Interrupt Link [LNKB] (IRQs 5 9 10 *11)
[   14.182676] ACPI: PCI Interrupt Link [LNKC] (IRQs 5 9 *10 11)
[   14.218342] ACPI: PCI Interrupt Link [LNKD] (IRQs 5 *9 10 11)
[   14.235963] ACPI: Enabled 2 GPEs in block 00 to 07
[   14.275630] vgaarb: setting as boot device: PCI:0000:00:02.0
[   14.284777] vgaarb: device added: PCI:0000:00:02.0,decodes=io+mem,owns=io+mem,locks=none
[   14.295841] vgaarb: loaded
[   14.309976] vgaarb: bridge control possible 0000:00:02.0
[   14.362481] SCSI subsystem initialized
[   14.391923] ACPI: bus type USB registered
[   14.413256] usbcore: registered new interface driver usbfs
[   14.446411] usbcore: registered new interface driver hub
[   14.464470] usbcore: registered new device driver usb
[   14.499794] PCI: Using ACPI for IRQ routing
[   14.506415] NetLabel: Initializing
[   14.517928] NetLabel:  domain hash size = 128
[   14.528104] NetLabel:  protocols = UNLABELED CIPSOv4
[   14.535609] NetLabel:  unlabeled traffic allowed by default
[   14.561356] amd_nb: Cannot enumerate AMD northbridges
[   14.607254] clocksource: Switched to clocksource kvm-clock
[   14.657744] AppArmor: AppArmor Filesystem Enabled
[   14.680405] pnp: PnP ACPI init
[   14.711361] pnp: PnP ACPI: found 3 devices
[   14.815052] clocksource: acpi_pm: mask: 0xffffff max_cycles: 0xffffff, max_idle_ns: 2085701024 ns
[   14.943377] NET: Registered protocol family 2
[   14.992171] TCP established hash table entries: 32768 (order: 6, 262144 bytes)
[   15.066687] TCP bind hash table entries: 32768 (order: 7, 524288 bytes)
[   15.096596] TCP: Hash tables configured (established 32768 bind 32768)
[   15.112409] UDP hash table entries: 2048 (order: 4, 65536 bytes)
[   15.212781] UDP-Lite hash table entries: 2048 (order: 4, 65536 bytes)
[   15.355123] NET: Registered protocol family 1
[   15.464188] pci 0000:00:00.0: Limiting direct PCI/PCI transfers
[   15.594832] pci 0000:00:01.0: Activating ISA DMA hang workarounds
[   15.718457] Trying to unpack rootfs image as initramfs...
[   17.573012] Freeing initrd memory: 10532K (ffff880036b5e000 - ffff8800375a7000)
[   17.715523] PCI-DMA: Using software bounce buffering for IO (SWIOTLB)
[   17.795836] software IO TLB [mem 0xdbff0000-0xdfff0000] (64MB) mapped at [ffff8800dbff0000-ffff8800dffeffff]
[   17.981123] platform rtc_cmos: registered platform RTC device (no PNP device found)
[   18.066629] Scanning for low memory corruption every 60 seconds
[   18.120869] futex hash table entries: 1024 (order: 4, 65536 bytes)
[   18.174074] audit: initializing netlink subsys (disabled)
[   18.243798] audit: type=2000 audit(1488830685.201:1): initialized
[   18.308653] Initialise system trusted keyring
[   18.372528] HugeTLB registered 2 MB page size, pre-allocated 0 pages
[   18.477175] zbud: loaded
[   18.528752] VFS: Disk quotas dquot_6.6.0
[   18.620684] VFS: Dquot-cache hash table entries: 512 (order 0, 4096 bytes)
[   18.749605] squashfs: version 4.0 (2009/01/31) Phillip Lougher
[   18.864352] fuse init (API version 7.23)
[   18.930813] Key type big_key registered
[   18.979594] tsc: Refined TSC clocksource calibration: 2193.166 MHz
[   18.979597] clocksource: tsc: mask: 0xffffffffffffffff max_cycles: 0x1f9cfb25bb0, max_idle_ns: 440795283785 ns
[   19.409992] Allocating IMA MOK and blacklist keyrings.
[   19.505470] Key type asymmetric registered
[   19.523668] Asymmetric key parser 'x509' registered
[   19.567971] Block layer SCSI generic (bsg) driver version 0.4 loaded (major 249)
[   19.676264] io scheduler noop registered
[   19.752030] io scheduler deadline registered (default)
[   19.758506] io scheduler cfq registered
[   19.840768] pci_hotplug: PCI Hot Plug PCI Core version: 0.5
[   19.871232] pciehp: PCI Express Hot Plug Controller Driver version: 0.4
[   20.042351] ACPI: AC Adapter [AC] (on-line)
[   20.103426] input: Power Button as /devices/LNXSYSTM:00/LNXPWRBN:00/input/input0
[   20.202508] ACPI: Power Button [PWRF]
[   20.251625] input: Sleep Button as /devices/LNXSYSTM:00/LNXSLPBN:00/input/input1
[   20.328776] ACPI: Sleep Button [SLPF]
[   20.364683] GHES: HEST is not enabled!
[   20.365925] ACPI: Battery Slot [BAT0] (battery present)
[   20.531759] Serial: 8250/16550 driver, 32 ports, IRQ sharing enabled
[   20.623278] 00:02: ttyS0 at I/O 0x3f8 (irq = 4, base_baud = 115200) is a 16550A
[   20.730856] Linux agpgart interface v0.103
[   20.745953] brd: module loaded
[   20.795400] loop: module loaded
[   20.846222] scsi host0: ata_piix
[   20.872396] scsi host1: ata_piix
[   20.928122] ata1: PATA max UDMA/33 cmd 0x1f0 ctl 0x3f6 bmdma 0xd000 irq 14
[   21.047823] ata2: PATA max UDMA/33 cmd 0x170 ctl 0x376 bmdma 0xd008 irq 15
[   21.158643] libphy: Fixed MDIO Bus: probed
[   21.195515] tun: Universal TUN/TAP device driver, 1.6
[   21.237399] tun: (C) 1999-2004 Max Krasnyansky <maxk@qualcomm.com>
[   21.275529] PPP generic driver version 2.4.2
[   21.333290] ehci_hcd: USB 2.0 'Enhanced' Host Controller (EHCI) Driver
[   21.425456] ehci-pci: EHCI PCI platform driver
[   21.426294] ehci-platform: EHCI generic platform driver
[   21.453064] ohci_hcd: USB 1.1 'Open' Host Controller (OHCI) Driver
[   21.454084] ohci-pci: OHCI PCI platform driver
[   21.454890] ohci-platform: OHCI generic platform driver
[   21.521352] uhci_hcd: USB Universal Host Controller Interface driver
[   21.661042] i8042: PNP: PS/2 Controller [PNP0303:PS2K,PNP0f03:PS2M] at 0x60,0x64 irq 1,12
[   21.821590] serio: i8042 KBD port at 0x60,0x64 irq 1
[   21.924801] serio: i8042 AUX port at 0x60,0x64 irq 12
[   22.037082] mousedev: PS/2 mouse device common for all mice
[   22.154680] rtc_cmos rtc_cmos: rtc core: registered rtc_cmos as rtc0
[   22.204765] rtc_cmos rtc_cmos: alarms up to one day, 114 bytes nvram
[   22.284798] input: AT Translated Set 2 keyboard as /devices/platform/i8042/serio0/input/input2
[   22.434468] i2c /dev entries driver
[   22.482521] device-mapper: uevent: version 1.0.3
[   22.575894] device-mapper: ioctl: 4.34.0-ioctl (2015-10-28) initialised: dm-devel@redhat.com
[   22.774204] ledtrig-cpu: registered to indicate activity on CPUs
[   22.915700] NET: Registered protocol family 10
[   22.942766] NET: Registered protocol family 17
[   22.973801] Key type dns_resolver registered
[   23.044100] microcode: CPU0 sig=0x40661, pf=0x40, revision=0x0
[   23.131555] microcode: CPU1 sig=0x40661, pf=0x40, revision=0x0
[   23.207710] microcode: CPU2 sig=0x40661, pf=0x40, revision=0x0
[   23.345333] microcode: CPU3 sig=0x40661, pf=0x40, revision=0x0
[   23.467989] microcode: Microcode Update Driver: v2.01 <tigran@aivazian.fsnet.co.uk>, Peter Oruba
[   23.664110] registered taskstats version 1
[   23.751398] Loading compiled-in X.509 certificates
[   23.817139] Loaded X.509 cert 'Build time autogenerated kernel key: a630254739635d6fdc487c9f0afa5d9a0ff04f04'
[   23.959563] zswap: loaded using pool lzo/zbud
[   24.028240] Key type trusted registered
[   24.057174] Key type encrypted registered
[   24.103855] AppArmor: AppArmor sha1 policy hashing enabled
[   24.192073] ima: No TPM chip found, activating TPM-bypass!
[   24.283909] evm: HMAC attrs: 0x1
[   24.350005]   Magic number: 9:67:93
[   24.436328] rtc_cmos rtc_cmos: setting system clock to 2017-03-06 20:05:00 UTC (1488830700)
[   24.585546] BIOS EDD facility v0.16 2004-Jun-25, 0 devices found
[   24.672053] EDD information not available.
[   24.733012] Freeing unused kernel memory: 1488K (ffffffff81f44000 - ffffffff820b8000)
[   24.860118] Write protecting the kernel read-only data: 14336k
[   24.983007] Freeing unused kernel memory: 1792K (ffff880001840000 - ffff880001a00000)
[   25.051426] Freeing unused kernel memory: 136K (ffff880001dde000 - ffff880001e00000)
Loading, please wait...
starting version[   25.173403] random: systemd-udevd: uninitialized urandom read (16 bytes read, 4 bits of entropy available)
 229
[   25.174249] random: udevadm: uninitialized urandom read (16 bytes read, 4 bits of entropy available)
[   25.174293] random: udevadm: uninitialized urandom read (16 bytes read, 4 bits of entropy available)
[   25.174595] random: udevadm: uninitialized urandom read (16 bytes read, 4 bits of entropy available)
[   25.174662] random: udevadm: uninitialized urandom read (16 bytes read, 4 bits of entropy available)
[   25.174728] random: udevadm: uninitialized urandom read (16 bytes read, 4 bits of entropy available)
[   25.174785] random: udevadm: uninitialized urandom read (16 bytes read, 4 bits of entropy available)
[   25.174842] random: udevadm: uninitialized urandom read (16 bytes read, 4 bits of entropy available)
[   25.174902] random: udevadm: uninitialized urandom read (16 bytes read, 4 bits of entropy available)
[   25.174965] random: udevadm: uninitialized urandom read (16 bytes read, 4 bits of entropy available)
[   26.271480] e1000: Intel(R) PRO/1000 Network Driver - version 7.3.21-k8-NAPI
[   26.319834] e1000: Copyright (c) 1999-2006 Intel Corporation.
[   26.352566] Fusion MPT base driver 3.04.20
[   26.437047] Copyright (c) 1999-2008 LSI Corporation
[   26.447251] Fusion MPT SPI Host driver 3.04.20
[   26.460377] AVX version of gcm_enc/dec engaged.
[   26.515925] AES CTR mode by8 optimization enabled
[   26.654748] input: ImExPS/2 Generic Explorer Mouse as /devices/platform/i8042/serio1/input/input4
[   26.827800] e1000 0000:00:03.0 eth0: (PCI:33MHz:32-bit) 02:50:fb:47:1b:48
[   26.955999] e1000 0000:00:03.0 eth0: Intel(R) PRO/1000 Network Connection
[   27.452039] e1000 0000:00:08.0 eth1: (PCI:33MHz:32-bit) 08:00:27:f2:14:7b
[   27.582310] e1000 0000:00:08.0 eth1: Intel(R) PRO/1000 Network Connection
[   28.108235] e1000 0000:00:09.0 eth2: (PCI:33MHz:32-bit) 08:00:27:e2:71:2a
[   28.188814] e1000 0000:00:09.0 eth2: Intel(R) PRO/1000 Network Connection
[   28.280700] e1000 0000:00:03.0 enp0s3: renamed from eth0
[   28.283603] mptbase: ioc0: Initiating bringup
[   28.371568] ioc0: LSI53C1030 A0: Capabilities={Initiator}
[   28.511839] e1000 0000:00:09.0 enp0s9: renamed from eth2
[   28.551882] e1000 0000:00:08.0 enp0s8: renamed from eth1
[   28.643287] scsi host2: ioc0: LSI53C1030 A0, FwRev=00000000h, Ports=1, MaxQ=256, IRQ=20
[   28.913387] scsi 2:0:0:0: Direct-Access     VBOX     HARDDISK         1.0  PQ: 0 ANSI: 5
[   29.072487] scsi target2:0:0: Beginning Domain Validation
[   29.177801] scsi target2:0:0: Domain Validation skipping write tests
[   29.277190] scsi target2:0:0: Ending Domain Validation
[   29.365987] scsi target2:0:0: asynchronous
[   29.463633] scsi 2:0:1:0: Direct-Access     VBOX     HARDDISK         1.0  PQ: 0 ANSI: 5
[   29.601338] scsi target2:0:1: Beginning Domain Validation
[   29.637096] floppy0: no floppy controllers found
[   29.639577] scsi target2:0:1: Domain Validation skipping write tests
[   29.639578] scsi target2:0:1: Ending Domain Validation
[   29.639673] scsi target2:0:1: asynchronous
[   30.091122] sd 2:0:0:0: Attached scsi generic sg0 type 0
[   30.093468] sd 2:0:0:0: [sda] 20971520 512-byte logical blocks: (10.7 GB/10.0 GiB)
[   30.093576] sd 2:0:1:0: [sdb] 20480 512-byte logical blocks: (10.5 MB/10.0 MiB)
[   30.093732] sd 2:0:1:0: [sdb] Write Protect is off
[   30.093833] sd 2:0:1:0: [sdb] Incomplete mode parameter data
[   30.093834] sd 2:0:1:0: [sdb] Assuming drive cache: write through
[   30.103397] sd 2:0:1:0: Attached scsi generic sg1 type 0
[   30.238388] sd 2:0:1:0: [sdb] Attached SCSI disk
[   30.827362] sd 2:0:0:0: [sda] Write Protect is off
[   30.895394] sd 2:0:0:0: [sda] Incomplete mode parameter data
[   30.998075] sd 2:0:0:0: [sda] Assuming drive cache: write through
[   31.117279]  sda: sda1
[   31.170689] sd 2:0:0:0: [sda] Attached SCSI disk
Begin: Loading e[   32.619028] md: linear personality registered for level -1
ssential drivers[   32.718240] md: multipath personality registered for level -4
 ... [   32.795317] md: raid0 personality registered for level 0
[   32.877324] md: raid1 personality registered for level 1
[   33.035511] raid6: sse2x1   gen()  8102 MB/s
[   33.163744] raid6: sse2x1   xor()  6736 MB/s
[   33.323764] raid6: sse2x2   gen() 11647 MB/s
[   33.479815] raid6: sse2x2   xor()  7958 MB/s
[   33.583563] raid6: sse2x4   gen() 11840 MB/s
[   33.727511] raid6: sse2x4   xor()  8021 MB/s
[   33.804169] raid6: using algorithm sse2x4 gen() 11840 MB/s
[   33.913549] raid6: .... xor() 8021 MB/s, rmw enabled
[   34.018516] raid6: using ssse3x2 recovery algorithm
[   34.086140] xor: automatically using best checksumming function:
[   34.151333]    avx       : 21937.000 MB/sec
[   34.265209] async_tx: api initialized (async)
[   34.374714] md: raid6 personality registered for level 6
[   34.503949] md: raid5 personality registered for level 5
[   34.594852] md: raid4 personality registered for level 4
[   34.704767] md: raid10 personality registered for level 10
done.
Begin: Running /scripts/init-premount ... done.
Begin: M[   34.761189] Btrfs loaded
ounting root file system ... Begin: Running /scripts/local-top ... done.
Begin:[   34.848900] EXT4-fs (sda1): mounted filesystem with ordered data mode. Opts: (null)
 Running /scripts/local-premount ... Scanning for Btrfs filesystems
done.
Warning: fsck not present, so skipping root file system
done.
Begin: Running /scripts/local-bottom ... done.
Begin: Running /scripts/init-bottom ... done.
[   34.969318] systemd[1]: systemd 229 running in system mode. (+PAM +AUDIT +SELINUX +IMA +APPARMOR +SMACK +SYSVINIT +UTMP +LIBCRYPTSETUP +GCRYPT +GNUTLS +ACL +XZ -LZ4 +SECCOMP +BLKID +ELFUTILS +KMOD -IDN)
[   35.220487] systemd[1]: Detected virtualization oracle.
[   35.234828] systemd[1]: Detected architecture x86-64.

Welcome to [1mUbuntu 16.04.1 LTS[0m!

[   35.303881] systemd[1]: Set hostname to <ubuntu>.
[   35.395208] systemd[1]: Initializing machine ID from random generator.
[   35.613806] systemd[1]: Installed transient /etc/machine-id file.
[   35.933611] systemd[1]: Started Forward Password Requests to Wall Directory Watch.
[[0;32m  OK  [0m] Started Forward Password Requests to Wall Directory Watch.
[   36.195624] systemd[1]: Listening on LVM2 metadata daemon socket.
[[0;32m  OK  [0m] Listening on LVM2 metadata daemon socket.
[   36.343588] systemd[1]: Listening on LVM2 poll daemon socket.
[[0;32m  OK  [0m] Listening on LVM2 poll daemon socket.
[   36.535804] systemd[1]: Listening on udev Kernel Socket.
[[0;32m  OK  [0m] Listening on udev Kernel Socket.
[   36.579924] systemd[1]: Lsstening on udev Control Socket.
[[0;32m  OK  [0m] Listening on udev Control Socket.
[   36.828141] systemd[1]: Listening on Journal Socket.
[[0;32m  OK  [0m] Listening on Journal Socket.
[   77.044018] systemd[1]: Created slice System Slice.
[[0;32m  OK  [0m] Created slice System Slice.
[   37.247691] systemd[1]: Mounting Huge Pages File System...
         Mounting Huge Pages File System...
[   37.348970] systemd[1]: Starting Load Kernel Modules...
[   37.377968] Loading iSCSI transport class v2.0-870.
         Starting Load Kernel Mo[   37.424110] iscsi: registered transport (tcp)
dules...
[   37.480108] systemd[1]: Starting Set console keymap...
         Starting Set console keymap...
[   37.565882] systemd[1]: Listening on /dev/initctl Compatibility Named Pipe.
[   37.567736] iscsi: registered transport (iser)
[[0;32m  OK  [0m] Listening on /dev/initctl Compatibility Named Pipe.
[   37.691668] systemd[1]: Starting Nameserver information manager...
         Starting Nameserver information manager...
[   37.876079] systemd[1]: Listening on Device-mapper event daemon FIFOs.
[[0;32m  OK  [0m] Listening on Device-mapper event daemon FIFOs.
[   38.195780] systemd[1]: Starting Monitoring of LVM2 mirrors, snapshots etc. using dmeventd or progress polling...
[   38.196338] random: nonblocking pool is initialized
         Starting Monitoring of LVM2 mirrors... dmeventd or progress polling...
[   38.568544] systemd[1]: Reached target Encrypted Volumes.
[[0;32m  OK  [0m] Reached target Encrypted Volumes.
[   38.591631] systemd[1]: Starting Remount Root and Kernel File Systems...
[   38.594003] EXT4-fs (sda1): re-mounted. Opts: (null)
         Starting Remount Root and Kernel File Systems...
[   38.859439] systemd[1]: Mounting POSIX Message Queue File System...
         Mounting POSIX Message Queue File System...
[   38.967670] systemd[1]: Mounting Debug File System...
         Mounting Debug File System...
[   39.058276] systemd[1]: Reached target Swap.
[[0;32m  OK  [0m] Reached target Swap.
[   39.156339] systemd[1]: Listening on Journal Audit Socket.
[[0;32m  OK  [0m] Listening on Journal Audit Socket.
[   39.312533] systemd[1]: Created slice system-serial\x2dgetty.slice.
[[0;32m  OK  [0m] Created slice system-serial\x2dgetty.slice.
[   39.520129] systemd[1]: Starting Uncomplicated firewall...
         Starting Uncomplicated firewall...
[   39.651518] systemd[1]: Listening on Syslog Socket.
[[0;32m  OK  [0m] Listening on Syslog Socket.
[   39.696237] systemd[1]: Listening on Journal Socket (/dev/log).
[[0;32m  OK  [0m] Listening on Journal Socket (/dev/log).
[   39.927789] systemd[1]: Starting Journal Service...
         Starting Journal Service...
[   40.079439] systemd[1]: Created slice User and Session Slice.
[[0;32m  OK  [0m] Created slice User and Session Slice.
[   40.192323] systemd[1]: Reached target Slices.
[[0;32m  OK  [0m] Reached target Slices.
[   40.275965] systemd[1]: Reached target User and Group Name Lookups.
[[0;32m  OK  [0m] Reached target User and Group Name Lookups.
[   40.465258] systemd[1]: Set up automount Arbitrary Executable File Formats File System Automount Point.
[[0;32m  OK  [0m] Set up automount Arbitrary Executab...ats File System Automount Point.
[   40.616000] systemd[1]: Starting Create list of required static device nodes for the current kernel...
         Starting Create list of required st... nodes for the current kernel...
[   40.784416] systemd[1]: Mounted Debug File System.
[[0;32m  OK  [0m] Mounted Debug File System.
[   40.840086] systemd[1]: Mounted POSIX Message Queue File System.
[[0;32m  OK  [0m] Mounted POSIX Message Queue File System.
[   41.023632] systemd[1]: Mounted Huge Pages File System.
[[0;32m  OK  [0m] Mounted Huge Pages File System.
[   41.128119] systemd[1]: Started Journal Service.
[[0;32m  OK  [0m] Started Journal Service.
[[0;32m  OK  [0m] Started Load Kernel Modules.
[[0;32m  OK  [0m] Started Set console keymap.
[[0;32m  OK  [0m] Started Remount Root and Kernel File Systems.
[[0;32m  OK  [0m] Started Uncomplicated firewall.
[[0;32m  OK  [0m] Started Create list of required sta...ce nodes for the current kernel.
[[0;32m  OK  [0m] Started Nameserver information manager.
[[0;32m  OK  [0m] Started LVM2 metadata daemon.
         Starting Create Static Device Nodes in /dev...
         Starting Initial cloud-init job (pre-networking)...
         Starting udev Coldplug all Devices...
         Starting Load/Save Random Seed...
         Starting Apply Kernel Variables...
         Mounting FUSE Control File System...
         Starting Flush Journal to Persistent Storage...
[[0;32m  OK  [0m] Mounted FUSE Control File System.
[[0;32m  OK  [0m] Started Monitoring of LVM2 mirrors,...ng dmeventd or progress polling.
[[0;32m  OK  [0m] Started Create Static Device Nodes in /dev.
[[0;32m  OK  [0m] Started Load/Save Random Seed.
[[0;32m  OK  [0m] Started Apply Kernel Variables.
[[0;32m  OK  [0m] Started udev Coldplug all Devices.
[[0;32m  OK  [0m] Started Flush Journal to Persistent Storage.
         Starting udev Kernel Device Manager...
[   28.797292] cloud-init[494]: Cloud-init v. 0.7.8 running 'init-local' at Mon, 06 Mar 2017 20:05:18 +0000. Up 28.55 seconds.
[[0;32m  OK  [0m] Started udev Kernel Device Manager.
[[0;32m  OK  [0m] Started Initial cloud-init job (pre-networking).
[[0;32m  OK  [0m] Found device /dev/ttyS0.
[[0;32m  OK  [0m] Listening on Load/Save RF Kill Switch Status /dev/rfkill Watch.
[[0;32m  OK  [0m] Reached target Network (Pre).
[[0;32m  OK  [0m] Reached target Local File Systems (Pre).
[[0;32m  OK  [0m] Reached target Local File Systems.
         Starting Tell Plymouth To Write Out Runtime Data...
         Starting Set console font and keymap...
         Starting Create Volatile Files and Directories...
         Starting LSB: AppArmor initialization...
         Starting Commit a transient machine-id on disk...
[[0;32m  OK  [0m] Started Dispatch Password Requests to Console Directory Watch.
[[0;32m  OK  [0m] Started Tell Plymouth To Write Out Runtime Data.
[[0;32m  OK  [0m] Started Set console font and keymap.
[[0;32m  OK  [0m] Started Create Volatile Files and Directories.
[[0;32m  OK  [0m] Started Commit a transient machine-id on disk.
[[0;32m  OK  [0m] Reached target System Time Synchronized.
         Starting Update UTMP about System Boot/Shutdown...
[[0;32m  OK  [0m] Created slice system-getty.slice.
[[0;32m  OK  [0m] Started Update UTMP about System Boot/Shutdown.
[[0;32m  OK  [0m] Started LSB: AppArmor initialization.
         Starting Raise network interfaces...
[[0;32m  OK  [0m] Started ifup for enp0s3.
[[0;32m  OK  [0m] Started Raise network interfaces.
[[0;32m  OK  [0m] Reached target Network.
         Starting Initial cloud-init job (metadata service crawler)...
[   32.710258] cloud-init[1130]: Cloud-init v. 0.7.8 running 'init' at Mon, 06 Mar 2017 20:05:21 +0000. Up 32.28 seconds.
[   32.776738] cloud-init[1130]: ci-info: ++++++++++++++++++++++++++++++++++++++Net device info++++++++++++++++++++++++++++++++++++++
[   32.777081] cloud-init[1130]: ci-info: +--------+-------+----------------------------+---------------+-------+-------------------+
[[0;32m  OK  [0m] Started Initial cloud-init job (metadata service crawler).
[   32.777248] cloud-init[1130]: ci-info: | Device |   Up  |          Address           |      Mask     | Scope |     Hw-Address    |
[   33.076541] cloud-init[1130]: ci-info: +--------+-------+----------------------------+---------------+-------+-------------------+
[   33.076943] cloud-init[1130]: ci-info: | enp0s3 |  True |         10.0.2.15          | 255.255.255.0 |   .   | 02:50:fb:47:1b:48 |
[[0;32m  OK  [0m] Reached target Network is Online.
[   33.077089] cloud-init[1130]: ci-info: | enp0s3 |  True | fe80::50:fbff:fe47:1b48/64 |       .       |  link | 02:50:fb:47:1b:48 |
         [   33.380797] Starting iSCSI initiator daemon (iscsid)...cloud-init
[1130]: ci-info: | enp0s8 | False |             .              |       .       |   .   | 08:00:27:f2:14:7b |
[[   33.381276] cloud-init[1130]: ci-info: |   lo   |  True |         127.0.0.1          |   255.0.0.0   |   .   |         .         |
[   33.509416] cloud-init[1130]: ci-info: |   lo   |  True |          ::1/128           |       .       |  host |         .         |
[0;32m  OK  [0m] Reached target System Initialization.
[[   33.509553] cloud-init[1130]: ci-info: | enp0s9 | False |             .              |       .       |   .   | 08:00:27:e2:71:2a |
[   33.693566] cloud-init[1130]: ci-info: +--------+-------+----------------------------+---------------+-------+-------------------+
[0;32m  OK  [0m] Started Timer to automatically refresh installed snaps.
[[   33.693911] cloud-init[1130]: ci-info: +++++++++++++++++++++++++++Route IPv4 info++++++++++++++++++++++++++++
[   33.920772] cloud-init[1130]: ci-info: +-------+-------------+----------+---------------+-----------+-------+
[0;32m  OK  [0m] Listening on D-Bus System Message Bus Socket.
[[   33.920866] cloud-init[1130]: ci-info: | Route | Destination | Gateway  |    Genmask    | Interface | Flags |
[   34.109031] cloud-init[1130]: ci-info: +-------+-------------+----------+---------------+-----------+-------+
[0;32m  OK  [0m] Started Daily apt activities.
[   34.109124] cloud-init[1130]: ci-info: |   0   |   0.0.0.0   | 10.0.2.2 |    0.0.0.0    |   enp0s3  |   UG  |
[   34.289445] cloud-init[1130]: ci-info: |   1   |   10.0.2.0  | 0.0.0.0  | 255.255.255.0 |   enp0s3  |   U   |
[[0;32m  OK  [0m] Started Daily Cleanup of Temporary Directories.
[[   34.289623] cloud-init[1130]: ci-info: +-------+-------------+----------+---------------+-----------+-------+
[   34.501049] cloud-init[1130]: Generating public/private rsa key pair.
[0;32m  OK  [0m] Reached target Timers.
[[   34.501160] cloud-init[1130]: Your identification has been saved in /etc/ssh/ssh_host_rsa_key.
[   34.648916] cloud-init[1130]: Your public key has been saved in /etc/ssh/ssh_host_rsa_key.pub.
[0;32m  OK  [0m] Listening on ACPID Listen Socket.
[   34.649034] cloud-init[1130]: The key fingerprint is:
[   34.805064] cloud-init[1130]: SHA256:AXdPQV//Uz+5cmUYzgoCaWBJpZnFR73k3muQnNQ1yOc root@ubuntu-xenial
[[0;32m  OK  [0m] Started ACPI Events Check.
[[   34.805661] cloud-init[1130]: The key's randomart image is:
[   34.921040] cloud-init[1130]: +---[RSA 2048]----+
[0;32m  OK  [0m] Listening on UUID daemon activation socket.
[[   34.921147] cloud-init[1130]: |   .+++.o..o+o  .|
[   35.036914] cloud-init[1130]: |   ..*.+..ooo.+..|
[0;32m  OK  [0m] Started Trigger resolvconf update for networkd DNS.
[   35.036980] cloud-init[1130]: |    + +..o o.+o.o|
[   35.137398] cloud-init[1130]: |     . . .+ .oEo=|
[[0;32m  OK  [0m] Reached target Paths.
[   35.137583] cloud-init[1130]: |        S+.+  ++=|
[   35.292594] cloud-init[1130]: |         .*... .=|
[   35.292968] cloud-init[1130]: |           ..o o |
         Starting LXD - unix socket.
         [   35.293154] Starting Socket activation for snappy daemon.cloud-init
[1130]: |            o o  |
[   35.464524] cloud-init[1130]: |           .     |
[   35.464867] cloud-init[1130]: +----[SHA256]-----+
[[0;32m  OK  [0m] Reached target Cloud-config availability.
[   35.465043] cloud-init[1130]: Generating public/private dsa key pair.
[   35.601121] cloud-init[1130]: Your identification has been saved in /etc/ssh/ssh_host_dsa_key.
[   35.601511] cloud-init[1130]: Your public key has been saved in /etc/ssh/ssh_host_dsa_key.pub.
[[0;32m  OK  [0m] Listening on LXD - unix socket.
[[   35.601723] cloud-init[1130]: The key fingerprint is:
[   35.765002] cloud-init[1130]: SHA256:as17Fo8B9MqWpmBkxCuC7mkh4nvnYKCBVmyhJNQPmWs root@ubuntu-xenial
[0;32m  OK  [0m] Listening on Socket activation for snappy daemon.
[[   35.765101] cloud-init[1130]: The key's randomart image is:
[0;32m  OK  [0m] Started iSCSI initiator daemon (iscsid).
[   35.917342] cloud-init[1130]: +---[DSA 1024]----+
[   36.024584] cloud-init[1130]: |oo.oo            |
[   36.024957] cloud-init[1130]: |o o=+   .        |
         Starting Login to default iSCSI targets...
[   36.025139] cloud-init[1130]: |.. =+. . .       |
[   36.128160] cloud-init[1130]: |+ +E+.  . .      |
[[0;32m  OK  [0m] Reached target Sockets.
[   36.128370] cloud-init[1130]: |++.+   .S+       |
[   36.224783] cloud-init[1130]: |=+. o  +* o      |
[[0;32m  OK  [0m] Reached target Basic System.
[   36.224964] cloud-init[1130]: |* o+ .o+o  =     |
[   36.376413] cloud-init[1130]: | =...o.  .+ .    |
[   36.376670] cloud-init[1130]: |..o o.  .o       |
         Starting Pollinate to seed the pseudo random number generator...
[   36.376813] cloud-init[1130]: +----[SHA256]-----+
[   36.444380] cloud-init[1130]: Generating public/private ecdsa key pair.
[   36.444748] cloud-init[1130]: Your identification has been saved in /etc/ssh/ssh_host_ecdsa_key.
         Starting LXD - container startup/shutdown...
[   36.444922] cloud-init[1130]: Your public key has been saved in /etc/ssh/ssh_host_ecdsa_key.pub.
[   36.520589] cloud-init[1130]: The key fingerprint is:
         Starting Accounts Service...
[   36.520948] cloud-init[1130]: SHA256:1yZojrUxQrk6ahDzNcNRCgN3vM576ohZB7YnpCLp6E4 root@ubuntu-xenial
[   36.628832] cloud-init[1130]: The key's randomart image is:
[   36.629624] cloud-init[1130]: +---[ECDSA 256]---+
[[0;32m  OK  [0m] Started Snappy daemon.
[   36.629793] cloud-init[1130]: |..+....          |
[   36.752769] cloud-init[1130]: | . +o. .         |
[   36.753027] cloud-init[1130]: |   ..oo          |
         Starting Auto import assertions from block devices...
[   36.753159] cloud-init[1130]: |o   *. . . .     |
[   36.888373] cloud-init[1130]: | +++ oo S o o    |
[   36.888649] cloud-init[1130]: |.=.oo. * = o     |
[[0;32m  OK  [0m] Started Deferred execution scheduler.
[   36.888925] cloud-init[1130]: |=E+ =.. o        |
[   36.984358] cloud-init[1130]: |*+.*...          |
[   36.984781] cloud-init[1130]: |*=o.oo           |
[[0;32m  OK  [0m] Started Regular background program processing daemon.
[   36.984950] cloud-init[1130]: +----[SHA256]-----+
[   37.128816] cloud-init[1130]: Generating public/private ed25519 key pair.
[   37.129301] cloud-init[1130]: Your identification has been saved in /etc/ssh/ssh_host_ed25519_key.
         Starting Apply the settings specified in cloud-config...
[   37.129513] cloud-init[1130]: Your public key has been saved in /etc/ssh/ssh_host_ed25519_key.pub.
[   37.344685] cloud-init[1130]: The key fingerprint is:
[   37.345147] cloud-init[1130]: SHA256:s0nBinvvRkzam11gXVbXxOpvalmGpIVC/zwLu/xhNBc root@ubuntu-xenial
         Starting Login Service...
[   37.345290] cloud-init[1130]: The key's randomart image is:
[   37.524304] cloud-init[1130]: +--[ED25519 256]--+
[   37.524644] cloud-init[1130]: |               +=|
[[0;32m  OK  [0m] Started D-Bus System Message Bus.
[   37.524756] cloud-init[1130]: |       .  .   o +|
[   37.640329] cloud-init[1130]: |        o. o + E |
[   37.640613] cloud-init[1130]: |     . ...+ + + .|
         Starting LSB: Record successful boot for GRUB...
[   37.640797] cloud-init[1130]: |    . .=S. o Bo..|
[   37.760354] cloud-init[1130]: |     ...++  +.*oo|
[   37.760793] cloud-init[1130]: |    . ..o+ . ooB |
         Starting /etc/rc.local Compatibility...
[   37.760985] cloud-init[1130]: |     . .+ ....+.o|
[   37.840607] cloud-init[1130]: |       oo   o+oo |
[   37.840862] cloud-init[1130]: +----[SHA256]-----+
[[0;32m  OK  [0m] Started ACPI event daemon.
[   37.843277] cloud-init[1308]: Generating locales (this might take a while)...
         Starting LSB: MD monitoring daemon...
         Starting System Logging Service...
[[0;32m  OK  [0m] Started FUSE filesystem for LXC.
[[0;32m  OK  [0m] Started System Logging Service.
[[0;32m  OK  [0m] Started Pollinate to seed the pseudo random number generator.
[[0;32m  OK  [0m] Started LXD - container startup/shutdown.
[[0;32m  OK  [0m] Started Auto import assertions from block devices.
[   38.279959] cloud-init[1308]:   en_US.UTF-8... done
[   38.340622] cloud-init[1308]: Generation complete.
[[0;32m  OK  [0m] Started /etc/rc.local Compatibility.
[[0;32m  OK  [0m] Started Login to default iSCSI targets.
[[0;32m  OK  [0m] Started LSB: Record successful boot for GRUB.
[[0;32m  OK  [0m] Started LSB: MD monitoring daemon.
[[0;32m  OK  [0m] Started Login Service.
         Starting Authenticate and Authorize Users to Run Privileged Tasks...
[[0;32m  OK  [0m] Reached target Remote File Systems (Pre).
[[0;32m  OK  [0m] Reached target Remote File Systems.
         Starting Permit User Sessions...
         Starting LSB: VirtualBox Linux Additions...
         Starting LSB: Set the CPU Frequency Scaling governor to "ondemand"...
         Starting LSB: automatic crash report generation...
         Starting LSB: daemon to balance interrupts for SMP systems...
[[0;32m  OK  [0m] Stopped OpenBSD Secure Shell server.
         Starting OpenBSD Secure Shell server...
[[0;32m  OK  [0m] Started OpenBSD Secure Shell server.
[[0;32m  OK  [0m] Started Permit User Sessions.
[[0;32m  OK  [0m] Started Authenticate and Authorize Users to Run Privileged Tasks.
[[0;32m  OK  [0m] Started Accounts Service.
[[0;32m  OK  [0m] Started LSB: Set the CPU Frequency Scaling governor to "ondemand".
[[0;32m  OK  [0m] Started LSB: VirtualBox Linux Additions.
[[0;32m  OK  [0m] Started LSB: automatic crash report generation.
[[   39.329327] [0;32m  OK  [0mcloud-init] [1308]: Started LSB: daemon to balance interrupts for SMP systems.Cloud-init v. 0.7.8 running 'modules:config' at Mon, 06 Mar 2017 20:05:26 +0000. Up 37.41 seconds.

[[0;32m  OK  [0m] Created slice User Slice of ubuntu.
[[0;32m  OK  [0m] Started Session 1 of user ubuntu.
         Starting User Manager for UID 1000...
         Starting Hold until boot process finishes up...
         Starting Terminate Plymouth Boot Screen...
[[0;32m  OK  [0m] Started User Manager for UID 1000.
[[0;32m  OK  [0m] Started Apply the settings specified in cloud-config.
[[0;32m  OK  [0m] Started Hold until boot process finishes up.
[[0;32m  OK  [0m] Started Terminate Plymouth Boot Screen.
[[0;32m  OK  [0m] Started Serial Getty on ttyS0.
[[0;32m  OK  [0m] Started Getty on tty1.
[[0;32m  OK  [0m] Reached target Login Prompts.
[[0;32m  OK  [0m] Reached target Multi-User System.
[[0;32m  OK  [0m] Reached target Graphical Interface.
         Starting Update UTMP about System Runlevel Changes...
         Starting Set console scheme...
         Starting Execute cloud user/final scripts...
[[0;32m  OK  [0m] Started Set console scheme.
[[0;32m  OK  [0m] Started Update UTMP about System Runlevel Changes.
ci-info: no authorized ssh keys fingerprints found for user ubuntu.
<14>Mar  6 20:05:30 ec2: 
<14>Mar  6 20:05:30 ec2: #############################################################
<14>Mar  6 20:05:30 ec2: -----BEGIN SSH HOST KEY FINGERPRINTS-----
<14>Mar  6 20:05:30 ec2: 1024 SHA256:as17Fo8B9MqWpmBkxCuC7mkh4nvnYKCBVmyhJNQPmWs root@ubuntu-xenial (DSA)
<14>Mar  6 20:05:30 ec2: 256 SHA256:1yZojrUxQrk6ahDzNcNRCgN3vM576ohZB7YnpCLp6E4 root@ubuntu-xenial (ECDSA)
<14>Mar  6 20:05:30 ec2: 256 SHA256:s0nBinvvRkzam11gXVbXxOpvalmGpIVC/zwLu/xhNBc root@ubuntu-xenial (ED25519)
<14>Mar  6 20:05:30 ec2: 2048 SHA256:AXdPQV//Uz+5cmUYzgoCaWBJpZnFR73k3muQnNQ1yOc root@ubuntu-xenial (RSA)
<14>Mar  6 20:05:30 ec2: -----END SSH HOST KEY FINGERPRINTS-----
<14>Mar  6 20:05:30 ec2: #############################################################
-----BEGIN SSH HOST KEY KEYS-----
ecdsa-sha2-nistp256 AAAAE2VjZHNhLXNoYTItbmlzdHAyNTYAAAAIbmlzdHAyNTYAAABBBI+HZS6rH5ZflLVfhGc/zDhx+sEL4CiiTOJLa5XWZMumisQ3pKqtJEtLUYO4bcIAbr8cXejg1/95LgIrx9i8aZU= root@ubuntu-xenial
ssh-ed25519 AAAAC3NzaC1lZDI1NTE5AAAAIIaZbK6uQzZcaJdOoNpig2TfE+FrdexFpM8sJ+R4bXvR root@ubuntu-xenial
ssh-rsa AAAAB3NzaC1yc2EAAAADAQABAAABAQDO3XA4KVAy6CTTAsNCXbwYzgla2SgFjVaJtz23BfDJ+0/Dd+zU9vAgpfo/Q7LsI/HiE3RQSU5UXtP/8x4tXnqd8wK5tFpEa239zjkzKblrgo8vEiGDgtqjiTOwbtuNIne6+Tny7jiThzgPcfJI66to69L10ohCF1y2WQy2Pg4cy3jjVTw7mBYGwwcbLPfQMPfHHQV2P3A17bgFWpAR+J5amOdNSOx8o9H2iiprbVxCHSDdAnlN47ssAaaVzj4lMCtZzAO1VHBP2UzX8X5s/2krvgWAD1taX7FWL5fgBU4yICu2JOvaUrM08jV51uNfXxpL+SMRZJUODUwdgvaTqT99 root@ubuntu-xenial
-----END SSH HOST KEY KEYS-----
[[0;32m  OK  [0m] Started Session 2 of user ubuntu.
[   41.550948] cloud-init[1494]: Cloud-init v. 0.7.8 running 'modules:final' at Mon, 06 Mar 2017 20:05:30 +0000. Up 40.49 seconds.
[   41.656805] [cloud-init[0;32m  OK  [0m[1494]: ] ci-info: no authorized ssh keys fingerprints found for user ubuntu.Started Execute cloud user/final scripts.

[   41.657177] cloud-init[1494]: Cloud-init v. 0.7.8 finished at Mon, 06 Mar 2017 20:05:31 +0000. Datasource DataSourceNoCloud [seed=/dev/sdb][dsmode=net].  Up 41.54 seconds
[[0;32m  OK  [0m] Reached target Cloud-init target.

Ubuntu 16.04.1 LTS ubuntu-xenial ttyS0

ubuntu-xenial login: 